!SESSION 2026-07-13 14:37:46.361 -----------------------------------------------
eclipse.buildId=unknown
java.version=21.0.10
java.vendor=Oracle Corporation
BootLoader constants: OS=win32, ARCH=x86_64, WS=win32, NL=en_US
Framework arguments:  -application org.eclipse.mat.api.parse
Command-line arguments:  -os win32 -ws win32 -arch x86_64 -consoleLog -application org.eclipse.mat.api.parse

!ENTRY org.eclipse.osgi 4 0 2026-07-13 14:37:48.604
!MESSAGE Application error
!STACK 1
java.lang.IllegalArgumentException: Usage: [options] <snapshot> [(<report id>)*]
	at org.eclipse.mat.internal.apps.ParseSnapshotApp.start(ParseSnapshotApp.java:56)
	at org.eclipse.equinox.internal.app.EclipseAppHandle.run(EclipseAppHandle.java:219)
	at org.eclipse.core.runtime.internal.adaptor.EclipseAppLauncher.runApplication(EclipseAppLauncher.java:149)
	at org.eclipse.core.runtime.internal.adaptor.EclipseAppLauncher.start(EclipseAppLauncher.java:115)
	at org.eclipse.core.runtime.adaptor.EclipseStarter.run(EclipseStarter.java:467)
	at org.eclipse.core.runtime.adaptor.EclipseStarter.run(EclipseStarter.java:298)
	at java.base/jdk.internal.reflect.DirectMethodHandleAccessor.invoke(DirectMethodHandleAccessor.java:103)
	at java.base/java.lang.reflect.Method.invoke(Method.java:580)
	at org.eclipse.equinox.launcher.Main.invokeFramework(Main.java:615)
	at org.eclipse.equinox.launcher.Main.basicRun(Main.java:563)
	at org.eclipse.equinox.launcher.Main.run(Main.java:1415)
	at org.eclipse.equinox.launcher.Main.main(Main.java:1387)
