2026-07-13 09:03:49.358: [INFO] OnDoneLoading sync enabled: 0
2026-07-13 09:14:58.766: [INFO] OnDoneLoading sync enabled: 0
2026-07-14 06:52:31.390: [INFO] OnDoneLoading sync enabled: 0
2026-08-05 07:22:50.622: [INFO] CurrentProfilePath: C:\Users\Administrator\Desktop\Intern proj\Intern Project\mat\workspace\.metadata\.plugins\org.eclipse.swt\EBWebView\Default
2026-08-05 07:22:50.622: [INFO] Profiles total count: 1
2026-08-05 07:22:50.622: [INFO] Profile: name=Profile 1 path=C:\Users\Administrator\Desktop\Intern proj\Intern Project\mat\workspace\.metadata\.plugins\org.eclipse.swt\EBWebView\Default lastActive=2026-07-14T06:59:17.821Z
2026-08-05 07:22:50.622: [INFO] LastUsedProfileDir: C:\Users\Administrator\Desktop\Intern proj\Intern Project\mat\workspace\.metadata\.plugins\org.eclipse.swt\EBWebView\Default
2026-08-05 07:22:50.622: [INFO] MostRecentlyActiveProfile: name=Profile 1 path=C:\Users\Administrator\Desktop\Intern proj\Intern Project\mat\workspace\.metadata\.plugins\org.eclipse.swt\EBWebView\Default lastActive=2026-07-14T06:59:17.821Z
2026-08-05 07:22:50.622: [INFO] OnDoneLoading sync enabled: 0
2026-08-05 07:22:50.622: [INFO] BookmarkModelLoaded, ids_reassigned: 0
2026-08-05 07:22:50.622: [INFO] BookmarksLoadDropped droppedNodes=0
2026-08-05 07:22:50.622: [INFO] BookmarksSnapshot Startup total=0 bar=0 other=0 mobile=0 showBar=0 showBarNTP=1
2026-08-05 07:24:25.520: [INFO] BookmarksSnapshot Shutdown total=0 bar=0 other=0 mobile=0 showBar=0 showBarNTP=1
2026-08-05 07:26:33.758: [INFO] CurrentProfilePath: C:\Users\Administrator\Desktop\Intern proj\Intern Project\mat\workspace\.metadata\.plugins\org.eclipse.swt\EBWebView\Default
2026-08-05 07:26:33.758: [INFO] Profiles total count: 1
2026-08-05 07:26:33.759: [INFO] Profile: name=Profile 1 path=C:\Users\Administrator\Desktop\Intern proj\Intern Project\mat\workspace\.metadata\.plugins\org.eclipse.swt\EBWebView\Default lastActive=2026-08-05T07:24:22.572Z
2026-08-05 07:26:33.759: [INFO] LastUsedProfileDir: C:\Users\Administrator\Desktop\Intern proj\Intern Project\mat\workspace\.metadata\.plugins\org.eclipse.swt\EBWebView\Default
2026-08-05 07:26:33.759: [INFO] MostRecentlyActiveProfile: name=Profile 1 path=C:\Users\Administrator\Desktop\Intern proj\Intern Project\mat\workspace\.metadata\.plugins\org.eclipse.swt\EBWebView\Default lastActive=2026-08-05T07:24:22.572Z
2026-08-05 07:26:33.759: [INFO] OnDoneLoading sync enabled: 0
2026-08-05 07:26:33.759: [INFO] BookmarkModelLoaded, ids_reassigned: 0
2026-08-05 07:26:33.759: [INFO] BookmarksLoadDropped droppedNodes=0
2026-08-05 07:26:33.759: [INFO] BookmarksSnapshot Startup total=0 bar=0 other=0 mobile=0 showBar=0 showBarNTP=1
2026-08-05 07:26:46.017: [INFO] BookmarksSnapshot Shutdown total=0 bar=0 other=0 mobile=0 showBar=0 showBarNTP=1
2026-08-05 07:26:57.603: [INFO] CurrentProfilePath: C:\Users\Administrator\Desktop\Intern proj\Intern Project\mat\workspace\.metadata\.plugins\org.eclipse.swt\EBWebView\Default
2026-08-05 07:26:57.603: [INFO] Profiles total count: 1
2026-08-05 07:26:57.603: [INFO] Profile: name=Profile 1 path=C:\Users\Administrator\Desktop\Intern proj\Intern Project\mat\workspace\.metadata\.plugins\org.eclipse.swt\EBWebView\Default lastActive=2026-08-05T07:26:35.708Z
2026-08-05 07:26:57.603: [INFO] LastUsedProfileDir: C:\Users\Administrator\Desktop\Intern proj\Intern Project\mat\workspace\.metadata\.plugins\org.eclipse.swt\EBWebView\Default
2026-08-05 07:26:57.603: [INFO] MostRecentlyActiveProfile: name=Profile 1 path=C:\Users\Administrator\Desktop\Intern proj\Intern Project\mat\workspace\.metadata\.plugins\org.eclipse.swt\EBWebView\Default lastActive=2026-08-05T07:26:35.708Z
2026-08-05 07:26:57.603: [INFO] OnDoneLoading sync enabled: 0
2026-08-05 07:26:57.603: [INFO] BookmarkModelLoaded, ids_reassigned: 0
2026-08-05 07:26:57.603: [INFO] BookmarksLoadDropped droppedNodes=0
2026-08-05 07:26:57.604: [INFO] BookmarksSnapshot Startup total=0 bar=0 other=0 mobile=0 showBar=0 showBarNTP=1
2026-08-05 07:48:40.351: [INFO] BookmarksSnapshot Shutdown total=0 bar=0 other=0 mobile=0 showBar=0 showBarNTP=1
